../Core/Src/main.c:113:6:buzzerInit	8	static
../Core/Src/main.c:119:6:buzzerChangeTone	40	static
../Core/Src/main.c:142:5:main	8	static
../Core/Src/main.c:199:6:SystemClock_Config	128	static
../Core/Src/main.c:251:13:MX_ADC1_Init	48	static
../Core/Src/main.c:317:13:MX_ADC2_Init	32	static
../Core/Src/main.c:374:13:MX_I2C1_Init	8	static
../Core/Src/main.c:422:13:MX_SPI1_Init	8	static
../Core/Src/main.c:462:13:MX_TIM2_Init	40	static
../Core/Src/main.c:507:13:MX_TIM3_Init	64	static
../Core/Src/main.c:566:13:MX_TIM4_Init	40	static
../Core/Src/main.c:611:13:MX_USART3_UART_Init	8	static
../Core/Src/main.c:646:13:MX_USB_PCD_Init	8	static
../Core/Src/main.c:677:13:MX_GPIO_Init	56	static
../Core/Src/main.c:742:6:numToBcd	32	static
../Core/Src/main.c:761:6:HAL_TIM_PeriodElapsedCallback	16	static
../Core/Src/main.c:852:6:HAL_ADC_ConvCpltCallback	24	static
../Core/Src/main.c:864:6:HAL_UART_RxCpltCallback	24	static
../Core/Src/main.c:958:6:Error_Handler	4	static,ignoring_inline_asm
